Archive member included to satisfy reference by file (symbol)

C:/ST/STM32CubeIDE_2.0.0/STM32CubeIDE/plugins/com.st.stm32cube.ide.mcu.externaltools.gnu-tools-for-stm32.13.3.rel1.win32_1.0.100.202509120712/tools/bin/../lib/gcc/arm-none-eabi/13.3.1/../../../../arm-none-eabi/lib/thumb/v7-m/nofp\libc_nano.a(libc_a-exit.o)
                              C:/ST/STM32CubeIDE_2.0.0/STM32CubeIDE/plugins/com.st.stm32cube.ide.mcu.externaltools.gnu-tools-for-stm32.13.3.rel1.win32_1.0.100.202509120712/tools/bin/../lib/gcc/arm-none-eabi/13.3.1/../../../../arm-none-eabi/lib/thumb/v7-m/nofp/crt0.o (exit)
C:/ST/STM32CubeIDE_2.0.0/STM32CubeIDE/plugins/com.st.stm32cube.ide.mcu.externaltools.gnu-tools-for-stm32.13.3.rel1.win32_1.0.100.202509120712/tools/bin/../lib/gcc/arm-none-eabi/13.3.1/../../../../arm-none-eabi/lib/thumb/v7-m/nofp\libc_nano.a(libc_a-findfp.o)
                              C:/ST/STM32CubeIDE_2.0.0/STM32CubeIDE/plugins/com.st.stm32cube.ide.mcu.externaltools.gnu-tools-for-stm32.13.3.rel1.win32_1.0.100.202509120712/tools/bin/../lib/gcc/arm-none-eabi/13.3.1/../../../../arm-none-eabi/lib/thumb/v7-m/nofp\libc_nano.a(libc_a-exit.o) (__stdio_exit_handler)
C:/ST/STM32CubeIDE_2.0.0/STM32CubeIDE/plugins/com.st.stm32cube.ide.mcu.externaltools.gnu-tools-for-stm32.13.3.rel1.win32_1.0.100.202509120712/tools/bin/../lib/gcc/arm-none-eabi/13.3.1/../../../../arm-none-eabi/lib/thumb/v7-m/nofp\libc_nano.a(libc_a-fwalk.o)
                              C:/ST/STM32CubeIDE_2.0.0/STM32CubeIDE/plugins/com.st.stm32cube.ide.mcu.externaltools.gnu-tools-for-stm32.13.3.rel1.win32_1.0.100.202509120712/tools/bin/../lib/gcc/arm-none-eabi/13.3.1/../../../../arm-none-eabi/lib/thumb/v7-m/nofp\libc_nano.a(libc_a-findfp.o) (_fwalk_sglue)
C:/ST/STM32CubeIDE_2.0.0/STM32CubeIDE/plugins/com.st.stm32cube.ide.mcu.externaltools.gnu-tools-for-stm32.13.3.rel1.win32_1.0.100.202509120712/tools/bin/../lib/gcc/arm-none-eabi/13.3.1/../../../../arm-none-eabi/lib/thumb/v7-m/nofp\libc_nano.a(libc_a-stdio.o)
                              C:/ST/STM32CubeIDE_2.0.0/STM32CubeIDE/plugins/com.st.stm32cube.ide.mcu.externaltools.gnu-tools-for-stm32.13.3.rel1.win32_1.0.100.202509120712/tools/bin/../lib/gcc/arm-none-eabi/13.3.1/../../../../arm-none-eabi/lib/thumb/v7-m/nofp\libc_nano.a(libc_a-findfp.o) (__sread)
C:/ST/STM32CubeIDE_2.0.0/STM32CubeIDE/plugins/com.st.stm32cube.ide.mcu.externaltools.gnu-tools-for-stm32.13.3.rel1.win32_1.0.100.202509120712/tools/bin/../lib/gcc/arm-none-eabi/13.3.1/../../../../arm-none-eabi/lib/thumb/v7-m/nofp\libc_nano.a(libc_a-memset.o)
                              C:/ST/STM32CubeIDE_2.0.0/STM32CubeIDE/plugins/com.st.stm32cube.ide.mcu.externaltools.gnu-tools-for-stm32.13.3.rel1.win32_1.0.100.202509120712/tools/bin/../lib/gcc/arm-none-eabi/13.3.1/../../../../arm-none-eabi/lib/thumb/v7-m/nofp/crt0.o (memset)
C:/ST/STM32CubeIDE_2.0.0/STM32CubeIDE/plugins/com.st.stm32cube.ide.mcu.externaltools.gnu-tools-for-stm32.13.3.rel1.win32_1.0.100.202509120712/tools/bin/../lib/gcc/arm-none-eabi/13.3.1/../../../../arm-none-eabi/lib/thumb/v7-m/nofp\libc_nano.a(libc_a-closer.o)
                              C:/ST/STM32CubeIDE_2.0.0/STM32CubeIDE/plugins/com.st.stm32cube.ide.mcu.externaltools.gnu-tools-for-stm32.13.3.rel1.win32_1.0.100.202509120712/tools/bin/../lib/gcc/arm-none-eabi/13.3.1/../../../../arm-none-eabi/lib/thumb/v7-m/nofp\libc_nano.a(libc_a-stdio.o) (_close_r)
C:/ST/STM32CubeIDE_2.0.0/STM32CubeIDE/plugins/com.st.stm32cube.ide.mcu.externaltools.gnu-tools-for-stm32.13.3.rel1.win32_1.0.100.202509120712/tools/bin/../lib/gcc/arm-none-eabi/13.3.1/../../../../arm-none-eabi/lib/thumb/v7-m/nofp\libc_nano.a(libc_a-reent.o)
                              C:/ST/STM32CubeIDE_2.0.0/STM32CubeIDE/plugins/com.st.stm32cube.ide.mcu.externaltools.gnu-tools-for-stm32.13.3.rel1.win32_1.0.100.202509120712/tools/bin/../lib/gcc/arm-none-eabi/13.3.1/../../../../arm-none-eabi/lib/thumb/v7-m/nofp\libc_nano.a(libc_a-closer.o) (errno)
C:/ST/STM32CubeIDE_2.0.0/STM32CubeIDE/plugins/com.st.stm32cube.ide.mcu.externaltools.gnu-tools-for-stm32.13.3.rel1.win32_1.0.100.202509120712/tools/bin/../lib/gcc/arm-none-eabi/13.3.1/../../../../arm-none-eabi/lib/thumb/v7-m/nofp\libc_nano.a(libc_a-impure.o)
                              C:/ST/STM32CubeIDE_2.0.0/STM32CubeIDE/plugins/com.st.stm32cube.ide.mcu.externaltools.gnu-tools-for-stm32.13.3.rel1.win32_1.0.100.202509120712/tools/bin/../lib/gcc/arm-none-eabi/13.3.1/../../../../arm-none-eabi/lib/thumb/v7-m/nofp\libc_nano.a(libc_a-reent.o) (_impure_ptr)
C:/ST/STM32CubeIDE_2.0.0/STM32CubeIDE/plugins/com.st.stm32cube.ide.mcu.externaltools.gnu-tools-for-stm32.13.3.rel1.win32_1.0.100.202509120712/tools/bin/../lib/gcc/arm-none-eabi/13.3.1/../../../../arm-none-eabi/lib/thumb/v7-m/nofp\libc_nano.a(libc_a-lseekr.o)
[...]
Memory Configuration

Name             Origin             Length             Attributes
RAM              0x20000000         0x0000c000         xrw
FLASH            0x08000000         0x00040000         xr
*default*        0x00000000         0xffffffff

Linker script and memory map

LOAD C:/ST/STM32CubeIDE_2.0.0/STM32CubeIDE/plugins/com.st.stm32cube.ide.mcu.externaltools.gnu-tools-for-stm32.13.3.rel1.win32_1.0.100.202509120712/tools/bin/../lib/gcc/arm-none-eabi/13.3.1/thumb/v7-m/nofp/crti.o
LOAD C:/ST/STM32CubeIDE_2.0.0/STM32CubeIDE/plugins/com.st.stm32cube.ide.mcu.externaltools.gnu-tools-for-stm32.13.3.rel1.win32_1.0.100.202509120712/tools/bin/../lib/gcc/arm-none-eabi/13.3.1/thumb/v7-m/nofp/crtbegin.o
LOAD C:/ST/STM32CubeIDE_2.0.0/STM32CubeIDE/plugins/com.st.stm32cube.ide.mcu.externaltools.gnu-tools-for-stm32.13.3.rel1.win32_1.0.100.202509120712/tools/bin/../lib/gcc/arm-none-eabi/13.3.1/../../../../arm-none-eabi/lib/thumb/v7-m/nofp/crt0.o
LOAD ./Core/Src/main.o
LOAD ./Core/Src/stm32f1xx_hal_msp.o
LOAD ./Core/Src/stm32f1xx_it.o
LOAD ./Core/Src/syscalls.o
LOAD ./Core/Src/sysmem.o
LOAD ./Core/Src/system_stm32f1xx.o
LOAD ./Core/Startup/startup_stm32f103rctx.o
LOAD ./Drivers/STM32F1xx_HAL_Driver/Src/stm32f1xx_hal.o
LOAD ./Drivers/STM32F1xx_HAL_Driver/Src/stm32f1xx_hal_adc.o
LOAD ./Drivers/STM32F1xx_HAL_Driver/Src/stm32f1xx_hal_adc_ex.o
LOAD ./Drivers/STM32F1xx_HAL_Driver/Src/stm32f1xx_hal_can.o
LOAD ./Drivers/STM32F1xx_HAL_Driver/Src/stm32f1xx_hal_cortex.o
LOAD ./Drivers/STM32F1xx_HAL_Driver/Src/stm32f1xx_hal_dac.o
LOAD ./Drivers/STM32F1xx_HAL_Driver/Src/stm32f1xx_hal_dac_ex.o
LOAD ./Drivers/STM32F1xx_HAL_Driver/Src/stm32f1xx_hal_dma.o
LOAD ./Drivers/STM32F1xx_HAL_Driver/Src/stm32f1xx_hal_exti.o
LOAD ./Drivers/STM32F1xx_HAL_Driver/Src/stm32f1xx_hal_flash.o
LOAD ./Drivers/STM32F1xx_HAL_Driver/Src/stm32f1xx_hal_flash_ex.o
LOAD ./Drivers/STM32F1xx_HAL_Driver/Src/stm32f1xx_hal_gpio.o
LOAD ./Drivers/STM32F1xx_HAL_Driver/Src/stm32f1xx_hal_gpio_ex.o
LOAD ./Drivers/STM32F1xx_HAL_Driver/Src/stm32f1xx_hal_i2c.o
LOAD ./Drivers/STM32F1xx_HAL_Driver/Src/stm32f1xx_hal_pwr.o
LOAD ./Drivers/STM32F1xx_HAL_Driver/Src/stm32f1xx_hal_rcc.o
LOAD ./Drivers/STM32F1xx_HAL_Driver/Src/stm32f1xx_hal_rcc_ex.o
LOAD ./Drivers/STM32F1xx_HAL_Driver/Src/stm32f1xx_hal_tim.o
LOAD ./Drivers/STM32F1xx_HAL_Driver/Src/stm32f1xx_hal_tim_ex.o
START GROUP
LOAD C:/ST/STM32CubeIDE_2.0.0/STM32CubeIDE/plugins/com.st.stm32cube.ide.mcu.externaltools.gnu-tools-for-stm32.13.3.rel1.win32_1.0.100.202509120712/tools/bin/../lib/gcc/arm-none-eabi/13.3.1/../../../../arm-none-eabi/lib/thumb/v7-m/nofp\libc_nano.a
LOAD C:/ST/STM32CubeIDE_2.0.0/STM32CubeIDE/plugins/com.st.stm32cube.ide.mcu.externaltools.gnu-tools-for-stm32.13.3.rel1.win32_1.0.100.202509120712/tools/bin/../lib/gcc/arm-none-eabi/13.3.1/../../../../arm-none-eabi/lib/thumb/v7-m/nofp\libm.a
END GROUP
START GROUP
LOAD C:/ST/STM32CubeIDE_2.0.0/STM32CubeIDE/plugins/com.st.stm32cube.ide.mcu.externaltools.gnu-tools-for-stm32.13.3.rel1.win32_1.0.100.202509120712/tools/bin/../lib/gcc/arm-none-eabi/13.3.1/thumb/v7-m/nofp\libgcc.a
LOAD C:/ST/STM32CubeIDE_2.0.0/STM32CubeIDE/plugins/com.st.stm32cube.ide.mcu.externaltools.gnu-tools-for-stm32.13.3.rel1.win32_1.0.100.202509120712/tools/bin/../lib/gcc/arm-none-eabi/13.3.1/../../../../arm-none-eabi/lib/thumb/v7-m/nofp\libc_nano.a
END GROUP
START GROUP
LOAD C:/ST/STM32CubeIDE_2.0.0/STM32CubeIDE/plugins/com.st.stm32cube.ide.mcu.externaltools.gnu-tools-for-stm32.13.3.rel1.win32_1.0.100.202509120712/tools/bin/../lib/gcc/arm-none-eabi/13.3.1/thumb/v7-m/nofp\libgcc.a
LOAD C:/ST/STM32CubeIDE_2.0.0/STM32CubeIDE/plugins/com.st.stm32cube.ide.mcu.externaltools.gnu-tools-for-stm32.13.3.rel1.win32_1.0.100.202509120712/tools/bin/../lib/gcc/arm-none-eabi/13.3.1/../../../../arm-none-eabi/lib/thumb/v7-m/nofp\libc_nano.a
LOAD C:/ST/STM32CubeIDE_2.0.0/STM32CubeIDE/plugins/com.st.stm32cube.ide.mcu.externaltools.gnu-tools-for-stm32.13.3.rel1.win32_1.0.100.202509120712/tools/bin/../lib/gcc/arm-none-eabi/13.3.1/../../../../arm-none-eabi/lib/thumb/v7-m/nofp\libnosys.a
END GROUP
START GROUP
LOAD C:/ST/STM32CubeIDE_2.0.0/STM32CubeIDE/plugins/com.st.stm32cube.ide.mcu.externaltools.gnu-tools-for-stm32.13.3.rel1.win32_1.0.100.202509120712/tools/bin/../lib/gcc/arm-none-eabi/13.3.1/thumb/v7-m/nofp\libgcc.a
LOAD C:/ST/STM32CubeIDE_2.0.0/STM32CubeIDE/plugins/com.st.stm32cube.ide.mcu.externaltools.gnu-tools-for-stm32.13.3.rel1.win32_1.0.100.202509120712/tools/bin/../lib/gcc/arm-none-eabi/13.3.1/../../../../arm-none-eabi/lib/thumb/v7-m/nofp\libc_nano.a
LOAD C:/ST/STM32CubeIDE_2.0.0/STM32CubeIDE/plugins/com.st.stm32cube.ide.mcu.externaltools.gnu-tools-for-stm32.13.3.rel1.win32_1.0.100.202509120712/tools/bin/../lib/gcc/arm-none-eabi/13.3.1/../../../../arm-none-eabi/lib/thumb/v7-m/nofp\libnosys.a
END GROUP
LOAD C:/ST/STM32CubeIDE_2.0.0/STM32CubeIDE/plugins/com.st.stm32cube.ide.mcu.externaltools.gnu-tools-for-stm32.13.3.rel1.win32_1.0.100.202509120712/tools/bin/../lib/gcc/arm-none-eabi/13.3.1/thumb/v7-m/nofp/crtend.o
LOAD C:/ST/STM32CubeIDE_2.0.0/STM32CubeIDE/plugins/com.st.stm32cube.ide.mcu.externaltools.gnu-tools-for-stm32.13.3.rel1.win32_1.0.100.202509120712/tools/bin/../lib/gcc/arm-none-eabi/13.3.1/thumb/v7-m/nofp/crtn.o
                0x2000c000                        _estack = (ORIGIN (RAM) + LENGTH (RAM))
                0x00000200                        _Min_Heap_Size = 0x200
                0x00000400                        _Min_Stack_Size = 0x400

.isr_vector     0x08000000      0x1e4
                0x08000000                        . = ALIGN (0x4)
 *(.isr_vector)
 .isr_vector    0x08000000      0x1e4 ./Core/Startup/startup_stm32f103rctx.o
                0x08000000                g_pfnVectors
                0x080001e4                        . = ALIGN (0x4)

.text           0x080001e4     0x4720
                0x080001e4                        . = ALIGN (0x4)
 *(.text)
 .text          0x080001e4       0x40 C:/ST/STM32CubeIDE_2.0.0/STM32CubeIDE/plugins/com.st.stm32cube.ide.mcu.externaltools.gnu-tools-for-stm32.13.3.rel1.win32_1.0.100.202509120712/tools/bin/../lib/gcc/arm-none-eabi/13.3.1/thumb/v7-m/nofp/crtbegin.o
 .text          0x08000224      0x21c C:/ST/STM32CubeIDE_2.0.0/STM32CubeIDE/plugins/com.st.stm32cube.ide.mcu.externaltools.gnu-tools-for-stm32.13.3.rel1.win32_1.0.100.202509120712/tools/bin/../lib/gcc/arm-none-eabi/13.3.1/thumb/v7-m/nofp\libgcc.a(_arm_addsubsf3.o)
                0x08000224                __aeabi_frsub
                0x0800022c                __subsf3
                0x0800022c                __aeabi_fsub
                0x08000230                __aeabi_fadd
                0x08000230                __addsf3
                0x08000390                __aeabi_ui2f
                0x08000390                __floatunsisf
                0x08000398                __aeabi_i2f
                0x08000398                __floatsisf
                0x080003b4                __aeabi_ul2f
                0x080003b4                __floatundisf
                0x080003c4                __aeabi_l2f
                0x080003c4                __floatdisf
 .text          0x08000440      0x2a0 C:/ST/STM32CubeIDE_2.0.0/STM32CubeIDE/plugins/com.st.stm32cube.ide.mcu.externaltools.gnu-tools-for-stm32.13.3.rel1.win32_1.0.100.202509120712/tools/bin/../lib/gcc/arm-none-eabi/13.3.1/thumb/v7-m/nofp\libgcc.a(_arm_muldivsf3.o)
                0x08000440                __mulsf3
                0x08000440                __aeabi_fmul
                0x080005a8                __aeabi_fdiv
                0x080005a8                __divsf3
 .text          0x080006e0       0x40 C:/ST/STM32CubeIDE_2.0.0/STM32CubeIDE/plugins/com.st.stm32cube.ide.mcu.externaltools.gnu-tools-for-stm32.13.3.rel1.win32_1.0.100.202509120712/tools/bin/../lib/gcc/arm-none-eabi/13.3.1/thumb/v7-m/nofp\libgcc.a(_arm_fixunssfsi.o)
                0x080006e0                __fixunssfsi
                0x080006e0                __aeabi_f2uiz
 *(.text*)
 .text.Read_Sensors
                0x08000720       0xd8 ./Core/Src/main.o
                0x08000720                Read_Sensors
 .text.CAN_Send_Message
                0x080007f8       0x64 ./Core/Src/main.o
                0x080007f8                CAN_Send_Message
 .text.main     0x0800085c       0xb0 ./Core/Src/main.o
                0x0800085c                main
 .text.SystemClock_Config
                0x0800090c       0xa2 ./Core/Src/main.o
                0x0800090c                SystemClock_Config
 *fill*         0x080009ae        0x2 
 .text.MX_ADC1_Init
                0x080009b0       0x7c ./Core/Src/main.o
 .text.MX_CAN_Init
                0x08000a2c       0x7c ./Core/Src/main.o
 .text.MX_DAC_Init
                0x08000aa8       0x54 ./Core/Src/main.o
 .text.MX_I2C1_Init
                0x08000afc       0x5c ./Core/Src/main.o
 .text.MX_TIM2_Init
                0x08000b58       0x9c ./Core/Src/main.o
 .text.MX_GPIO_Init
                0x08000bf4      0x13c ./Core/Src/main.o
 .text.HAL_GPIO_EXTI_Callback
                0x08000d30       0x4c ./Core/Src/main.o
                0x08000d30                HAL_GPIO_EXTI_Callback
 .text.Error_Handler
                0x08000d7c      0x128 ./Core/Src/main.o
                0x08000d7c                Error_Handler
 .text.HAL_MspInit
                0x08000ea4       0x74 ./Core/Src/stm32f1xx_hal_msp.o
                0x08000ea4                HAL_MspInit
 .text.HAL_ADC_MspInit
                0x08000f18       0x78 ./Core/Src/stm32f1xx_hal_msp.o
                0x08000f18                HAL_ADC_MspInit
 .text.HAL_CAN_MspInit
                0x08000f90       0x98 ./Core/Src/stm32f1xx_hal_msp.o
                0x08000f90                HAL_CAN_MspInit
 .text.HAL_DAC_MspInit
                0x08001028       0x78 ./Core/Src/stm32f1xx_hal_msp.o
                0x08001028                HAL_DAC_MspInit
 .text.HAL_I2C_MspInit
                0x080010a0       0x7c ./Core/Src/stm32f1xx_hal_msp.o
                0x080010a0                HAL_I2C_MspInit
 .text.HAL_TIM_Base_MspInit
                0x0800111c       0x48 ./Core/Src/stm32f1xx_hal_msp.o
                0x0800111c                HAL_TIM_Base_MspInit
 .text.NMI_Handler
                0x08001164        0x8 ./Core/Src/stm32f1xx_it.o
                0x08001164                NMI_Handler
 .text.HardFault_Handler
                0x0800116c        0x8 ./Core/Src/stm32f1xx_it.o
                0x0800116c                HardFault_Handler
 .text.MemManage_Handler
                0x08001174        0x8 ./Core/Src/stm32f1xx_it.o
                0x08001174                MemManage_Handler
 .text.BusFault_Handler
                0x0800117c        0x8 ./Core/Src/stm32f1xx_it.o
                0x0800117c                BusFault_Handler
 .text.UsageFault_Handler
                0x08001184        0x8 ./Core/Src/stm32f1xx_it.o
                0x08001184                UsageFault_Handler
 .text.SVC_Handler
                0x0800118c        0xc ./Core/Src/stm32f1xx_it.o
                0x0800118c                SVC_Handler
 .text.DebugMon_Handler
                0x08001198        0xc ./Core/Src/stm32f1xx_it.o
                0x08001198                DebugMon_Handler
 .text.PendSV_Handler
                0x080011a4        0xc ./Core/Src/stm32f1xx_it.o
                0x080011a4                PendSV_Handler
 .text.SysTick_Handler
                0x080011b0        0xc ./Core/Src/stm32f1xx_it.o
                0x080011b0                SysTick_Handler
 .text.PVD_IRQHandler
                0x080011bc        0xc ./Core/Src/stm32f1xx_it.o
                0x080011bc                PVD_IRQHandler
 .text.EXTI2_IRQHandler
                0x080011c8        0xe ./Core/Src/stm32f1xx_it.o
                0x080011c8                EXTI2_IRQHandler
 *fill*         0x080011d6        0x2 
 .text.TIM2_IRQHandler
                0x080011d8       0x14 ./Core/Src/stm32f1xx_it.o
                0x080011d8                TIM2_IRQHandler
 .text.SystemInit
                0x080011ec        0xc ./Core/Src/system_stm32f1xx.o
                0x080011ec                SystemInit
 .text.Reset_Handler
                0x080011f8       0x48 ./Core/Startup/startup_stm32f103rctx.o
                0x080011f8                Reset_Handler
 .text.Default_Handler
                0x08001240        0x2 ./Core/Startup/startup_stm32f103rctx.o
                0x08001240                RTC_Alarm_IRQHandler
                0x08001240                TIM8_TRG_COM_IRQHandler
                0x08001240                TIM8_CC_IRQHandler
                0x08001240                TIM1_CC_IRQHandler
                0x08001240                TIM6_IRQHandler
                0x08001240                SDIO_IRQHandler
                0x08001240                EXTI3_IRQHandler
                0x08001240                EXTI0_IRQHandler
                0x08001240                I2C2_EV_IRQHandler
                0x08001240                ADC1_2_IRQHandler
                0x08001240                SPI1_IRQHandler
                0x08001240                TAMPER_IRQHandler
                0x08001240                TIM8_UP_IRQHandler
                0x08001240                DMA2_Channel2_IRQHandler
                0x08001240                DMA1_Channel4_IRQHandler
                0x08001240                USART3_IRQHandler
                0x08001240                RTC_IRQHandler
                0x08001240                DMA1_Channel7_IRQHandler
                0x08001240                CAN1_RX1_IRQHandler
                0x08001240                UART5_IRQHandler
                0x08001240                ADC3_IRQHandler
                0x08001240                TIM4_IRQHandler
                0x08001240                DMA2_Channel1_IRQHandler
                0x08001240                I2C1_EV_IRQHandler
                0x08001240                DMA1_Channel6_IRQHandler
                0x08001240                UART4_IRQHandler
                0x08001240                TIM3_IRQHandler
                0x08001240                RCC_IRQHandler
                0x08001240                TIM1_TRG_COM_IRQHandler
                0x08001240                DMA1_Channel1_IRQHandler
                0x08001240                Default_Handler
                0x08001240                EXTI15_10_IRQHandler
                0x08001240                TIM7_IRQHandler
                0x08001240                TIM5_IRQHandler
                0x08001240                EXTI9_5_IRQHandler
                0x08001240                SPI2_IRQHandler
                0x08001240                DMA1_Channel5_IRQHandler
                0x08001240                EXTI4_IRQHandler
                0x08001240                USB_LP_CAN1_RX0_IRQHandler
                0x08001240                USB_HP_CAN1_TX_IRQHandler
                0x08001240                DMA1_Channel3_IRQHandler
                0x08001240                FSMC_IRQHandler
                0x08001240                TIM1_UP_IRQHandler
                0x08001240                WWDG_IRQHandler
                0x08001240                TIM1_BRK_IRQHandler
                0x08001240                EXTI1_IRQHandler
                0x08001240                DMA2_Channel4_5_IRQHandler
                0x08001240                USART2_IRQHandler
                0x08001240                I2C2_ER_IRQHandler
                0x08001240                DMA1_Channel2_IRQHandler
                0x08001240                TIM8_BRK_IRQHandler
                0x08001240                CAN1_SCE_IRQHandler
                0x08001240                FLASH_IRQHandler
                0x08001240                USART1_IRQHandler
                0x08001240                SPI3_IRQHandler
                0x08001240                I2C1_ER_IRQHandler
                0x08001240                USBWakeUp_IRQHandler
                0x08001240                DMA2_Channel3_IRQHandler
 *fill*         0x08001242        0x2 
 .text.HAL_Init
                0x08001244       0x2c ./Drivers/STM32F1xx_HAL_Driver/Src/stm32f1xx_hal.o
                0x08001244                HAL_Init
 .text.HAL_InitTick
                0x08001270       0x60 ./Drivers/STM32F1xx_HAL_Driver/Src/stm32f1xx_hal.o
                0x08001270                HAL_InitTick
 .text.HAL_IncTick
                0x080012d0       0x24 ./Drivers/STM32F1xx_HAL_Driver/Src/stm32f1xx_hal.o
                0x080012d0                HAL_IncTick
 .text.HAL_GetTick
                0x080012f4       0x14 ./Drivers/STM32F1xx_HAL_Driver/Src/stm32f1xx_hal.o
                0x080012f4                HAL_GetTick
 .text.HAL_Delay
                0x08001308       0x48 ./Drivers/STM32F1xx_HAL_Driver/Src/stm32f1xx_hal.o
                0x08001308                HAL_Delay
 .text.HAL_ADC_Init
                0x08001350      0x1d4 ./Drivers/STM32F1xx_HAL_Driver/Src/stm32f1xx_hal_adc.o
                0x08001350                HAL_ADC_Init
 .text.HAL_ADC_Start
                0x08001524      0x15c ./Drivers/STM32F1xx_HAL_Driver/Src/stm32f1xx_hal_adc.o
                0x08001524                HAL_ADC_Start
 .text.HAL_ADC_Stop
                0x08001680       0x58 ./Drivers/STM32F1xx_HAL_Driver/Src/stm32f1xx_hal_adc.o
                0x08001680                HAL_ADC_Stop
 .text.HAL_ADC_PollForConversion
                0x080016d8      0x20c ./Drivers/STM32F1xx_HAL_Driver/Src/stm32f1xx_hal_adc.o
                0x080016d8                HAL_ADC_PollForConversion
 .text.HAL_ADC_Start_IT
                0x080018e4      0x16c ./Drivers/STM32F1xx_HAL_Driver/Src/stm32f1xx_hal_adc.o
                0x080018e4                HAL_ADC_Start_IT
 .text.HAL_ADC_GetValue
                0x08001a50       0x18 ./Drivers/STM32F1xx_HAL_Driver/Src/stm32f1xx_hal_adc.o
                0x08001a50                HAL_ADC_GetValue
 .text.HAL_ADC_ConfigChannel
                0x08001a68      0x1f0 ./Drivers/STM32F1xx_HAL_Driver/Src/stm32f1xx_hal_adc.o
                0x08001a68                HAL_ADC_ConfigChannel
 .text.ADC_Enable
                0x08001c58       0xb4 ./Drivers/STM32F1xx_HAL_Driver/Src/stm32f1xx_hal_adc.o
                0x08001c58                ADC_Enable
 .text.ADC_ConversionStop_Disable
                0x08001d0c       0x82 ./Drivers/STM32F1xx_HAL_Driver/Src/stm32f1xx_hal_adc.o
                0x08001d0c                ADC_ConversionStop_Disable
 .text.HAL_CAN_Init
                0x08001d8e      0x1f6 ./Drivers/STM32F1xx_HAL_Driver/Src/stm32f1xx_hal_can.o
                0x08001d8e                HAL_CAN_Init
 .text.HAL_CAN_Start
                0x08001f84       0x88 ./Drivers/STM32F1xx_HAL_Driver/Src/stm32f1xx_hal_can.o
                0x08001f84                HAL_CAN_Start
 .text.HAL_CAN_AddTxMessage
                0x0800200c      0x19e ./Drivers/STM32F1xx_HAL_Driver/Src/stm32f1xx_hal_can.o
                0x0800200c                HAL_CAN_AddTxMessage
 *fill*         0x080021aa        0x2 
 .text.__NVIC_SetPriorityGrouping
                0x080021ac       0x48 ./Drivers/STM32F1xx_HAL_Driver/Src/stm32f1xx_hal_cortex.o
 .text.__NVIC_GetPriorityGrouping
                0x080021f4       0x1c ./Drivers/STM32F1xx_HAL_Driver/Src/stm32f1xx_hal_cortex.o
 .text.__NVIC_EnableIRQ
                0x08002210       0x38 ./Drivers/STM32F1xx_HAL_Driver/Src/stm32f1xx_hal_cortex.o
 .text.__NVIC_SetPriority
                0x08002248       0x54 ./Drivers/STM32F1xx_HAL_Driver/Src/stm32f1xx_hal_cortex.o
 .text.NVIC_EncodePriority
                0x0800229c       0x64 ./Drivers/STM32F1xx_HAL_Driver/Src/stm32f1xx_hal_cortex.o
 .text.SysTick_Config
                0x08002300       0x44 ./Drivers/STM32F1xx_HAL_Driver/Src/stm32f1xx_hal_cortex.o
 .text.HAL_NVIC_SetPriorityGrouping
                0x08002344       0x16 ./Drivers/STM32F1xx_HAL_Driver/Src/stm32f1xx_hal_cortex.o
                0x08002344                HAL_NVIC_SetPriorityGrouping
 .text.HAL_NVIC_SetPriority
                0x0800235a       0x38 ./Drivers/STM32F1xx_HAL_Driver/Src/stm32f1xx_hal_cortex.o
                0x0800235a                HAL_NVIC_SetPriority
 .text.HAL_NVIC_EnableIRQ
                0x08002392       0x1c ./Drivers/STM32F1xx_HAL_Driver/Src/stm32f1xx_hal_cortex.o
                0x08002392                HAL_NVIC_EnableIRQ
 .text.HAL_SYSTICK_Config
                0x080023ae       0x18 ./Drivers/STM32F1xx_HAL_Driver/Src/stm32f1xx_hal_cortex.o
                0x080023ae                HAL_SYSTICK_Config
 .text.HAL_DAC_Init
                0x080023c6       0x44 ./Drivers/STM32F1xx_HAL_Driver/Src/stm32f1xx_hal_dac.o
                0x080023c6                HAL_DAC_Init
 .text.HAL_DAC_Start
                0x0800240a       0xac ./Drivers/STM32F1xx_HAL_Driver/Src/stm32f1xx_hal_dac.o
                0x0800240a                HAL_DAC_Start
 .text.HAL_DAC_SetValue
                0x080024b6       0x52 ./Drivers/STM32F1xx_HAL_Driver/Src/stm32f1xx_hal_dac.o
                0x080024b6                HAL_DAC_SetValue
 .text.HAL_DAC_ConfigChannel
                0x08002508       0xb0 ./Drivers/STM32F1xx_HAL_Driver/Src/stm32f1xx_hal_dac.o
                0x08002508                HAL_DAC_ConfigChannel
 .text.HAL_GPIO_Init
                0x080025b8      0x328 ./Drivers/STM32F1xx_HAL_Driver/Src/stm32f1xx_hal_gpio.o
                0x080025b8                HAL_GPIO_Init
 .text.HAL_GPIO_ReadPin
                0x080028e0       0x2e ./Drivers/STM32F1xx_HAL_Driver/Src/stm32f1xx_hal_gpio.o
                0x080028e0                HAL_GPIO_ReadPin
 .text.HAL_GPIO_WritePin
                0x0800290e       0x30 ./Drivers/STM32F1xx_HAL_Driver/Src/stm32f1xx_hal_gpio.o
                0x0800290e                HAL_GPIO_WritePin
 .text.HAL_GPIO_TogglePin
                0x0800293e       0x32 ./Drivers/STM32F1xx_HAL_Driver/Src/stm32f1xx_hal_gpio.o
                0x0800293e                HAL_GPIO_TogglePin
 .text.HAL_GPIO_EXTI_IRQHandler
                0x08002970       0x30 ./Drivers/STM32F1xx_HAL_Driver/Src/stm32f1xx_hal_gpio.o
                0x08002970                HAL_GPIO_EXTI_IRQHandler
 .text.HAL_I2C_Init
                0x080029a0      0x288 ./Drivers/STM32F1xx_HAL_Driver/Src/stm32f1xx_hal_i2c.o
                0x080029a0                HAL_I2C_Init
 .text.HAL_I2C_Master_Receive
                0x08002c28      0x4d8 ./Drivers/STM32F1xx_HAL_Driver/Src/stm32f1xx_hal_i2c.o
                0x08002c28                HAL_I2C_Master_Receive
 .text.I2C_MasterRequestRead
                0x08003100      0x19c ./Drivers/STM32F1xx_HAL_Driver/Src/stm32f1xx_hal_i2c.o
 .text.I2C_WaitOnFlagUntilTimeout
                0x0800329c       0xf4 ./Drivers/STM32F1xx_HAL_Driver/Src/stm32f1xx_hal_i2c.o
 .text.I2C_WaitOnMasterAddressFlagUntilTimeout
                0x08003390      0x140 ./Drivers/STM32F1xx_HAL_Driver/Src/stm32f1xx_hal_i2c.o
 .text.I2C_WaitOnRXNEFlagUntilTimeout
                0x080034d0       0xba ./Drivers/STM32F1xx_HAL_Driver/Src/stm32f1xx_hal_i2c.o
 *fill*         0x0800358a        0x2 
 .text.HAL_PWR_PVD_IRQHandler
                0x0800358c       0x24 ./Drivers/STM32F1xx_HAL_Driver/Src/stm32f1xx_hal_pwr.o
                0x0800358c                HAL_PWR_PVD_IRQHandler
 .text.HAL_PWR_PVDCallback
                0x080035b0        0xc ./Drivers/STM32F1xx_HAL_Driver/Src/stm32f1xx_hal_pwr.o
                0x080035b0                HAL_PWR_PVDCallback
 .text.HAL_RCC_OscConfig
                0x080035bc      0x504 ./Drivers/STM32F1xx_HAL_Driver/Src/stm32f1xx_hal_rcc.o
                0x080035bc                HAL_RCC_OscConfig
 .text.HAL_RCC_ClockConfig
                0x08003ac0      0x1d4 ./Drivers/STM32F1xx_HAL_Driver/Src/stm32f1xx_hal_rcc.o
                0x08003ac0                HAL_RCC_ClockConfig
 .text.HAL_RCC_GetSysClockFreq
                0x08003c94       0xa8 ./Drivers/STM32F1xx_HAL_Driver/Src/stm32f1xx_hal_rcc.o
                0x08003c94                HAL_RCC_GetSysClockFreq
 .text.HAL_RCC_GetHCLKFreq
                0x08003d3c       0x14 ./Drivers/STM32F1xx_HAL_Driver/Src/stm32f1xx_hal_rcc.o
                0x08003d3c                HAL_RCC_GetHCLKFreq
 .text.HAL_RCC_GetPCLK1Freq
                0x08003d50       0x28 ./Drivers/STM32F1xx_HAL_Driver/Src/stm32f1xx_hal_rcc.o
                0x08003d50                HAL_RCC_GetPCLK1Freq
 .text.HAL_RCC_GetPCLK2Freq
                0x08003d78       0x28 ./Drivers/STM32F1xx_HAL_Driver/Src/stm32f1xx_hal_rcc.o
                0x08003d78                HAL_RCC_GetPCLK2Freq
 .text.RCC_Delay
                0x08003da0       0x3c ./Drivers/STM32F1xx_HAL_Driver/Src/stm32f1xx_hal_rcc.o
 .text.HAL_RCCEx_PeriphCLKConfig
                0x08003ddc      0x16c ./Drivers/STM32F1xx_HAL_Driver/Src/stm32f1xx_hal_rcc_ex.o
                0x08003ddc                HAL_RCCEx_PeriphCLKConfig
 .text.HAL_RCCEx_GetPeriphCLKFreq
                0x08003f48      0x1b0 ./Drivers/STM32F1xx_HAL_Driver/Src/stm32f1xx_hal_rcc_ex.o
                0x08003f48                HAL_RCCEx_GetPeriphCLKFreq
 .text.HAL_TIM_Base_Init
                0x080040f8       0x9e ./Drivers/STM32F1xx_HAL_Driver/Src/stm32f1xx_hal_tim.o
                0x080040f8                HAL_TIM_Base_Init
 .text.HAL_TIM_IRQHandler
                0x08004196      0x1e0 ./Drivers/STM32F1xx_HAL_Driver/Src/stm32f1xx_hal_tim.o
                0x08004196                HAL_TIM_IRQHandler
 .text.HAL_TIM_ConfigClockSource
                0x08004376      0x18e ./Drivers/STM32F1xx_HAL_Driver/Src/stm32f1xx_hal_tim.o
                0x08004376                HAL_TIM_ConfigClockSource
 .text.HAL_TIM_PeriodElapsedCallback
                0x08004504       0x12 ./Drivers/STM32F1xx_HAL_Driver/Src/stm32f1xx_hal_tim.o
                0x08004504                HAL_TIM_PeriodElapsedCallback
 .text.HAL_TIM_OC_DelayElapsedCallback
                0x08004516       0x12 ./Drivers/STM32F1xx_HAL_Driver/Src/stm32f1xx_hal_tim.o
                0x08004516                HAL_TIM_OC_DelayElapsedCallback
 .text.HAL_TIM_IC_CaptureCallback
                0x08004528       0x12 ./Drivers/STM32F1xx_HAL_Driver/Src/stm32f1xx_hal_tim.o
                0x08004528                HAL_TIM_IC_CaptureCallback
 .text.HAL_TIM_PWM_PulseFinishedCallback
                0x0800453a       0x12 ./Drivers/STM32F1xx_HAL_Driver/Src/stm32f1xx_hal_tim.o
                0x0800453a                HAL_TIM_PWM_PulseFinishedCallback
 .text.HAL_TIM_TriggerCallback
                0x0800454c       0x12 ./Drivers/STM32F1xx_HAL_Driver/Src/stm32f1xx_hal_tim.o
                0x0800454c                HAL_TIM_TriggerCallback
 *fill*         0x0800455e        0x2 
 .text.TIM_Base_SetConfig
                0x08004560      0x10c ./Drivers/STM32F1xx_HAL_Driver/Src/stm32f1xx_hal_tim.o
                0x08004560                TIM_Base_SetConfig
 .text.TIM_TI1_ConfigInputStage
                0x0800466c       0x5c ./Drivers/STM32F1xx_HAL_Driver/Src/stm32f1xx_hal_tim.o
 .text.TIM_TI2_ConfigInputStage
                0x080046c8       0x5e ./Drivers/STM32F1xx_HAL_Driver/Src/stm32f1xx_hal_tim.o
 .text.TIM_ITRx_SetConfig
                0x08004726       0x34 ./Drivers/STM32F1xx_HAL_Driver/Src/stm32f1xx_hal_tim.o
 .text.TIM_ETR_SetConfig
                0x0800475a       0x3e ./Drivers/STM32F1xx_HAL_Driver/Src/stm32f1xx_hal_tim.o
                0x0800475a                TIM_ETR_SetConfig
 .text.HAL_TIMEx_MasterConfigSynchronization
                0x08004798       0xd8 ./Drivers/STM32F1xx_HAL_Driver/Src/stm32f1xx_hal_tim_ex.o
                0x08004798                HAL_TIMEx_MasterConfigSynchronization
 .text.HAL_TIMEx_CommutCallback
                0x08004870       0x12 ./Drivers/STM32F1xx_HAL_Driver/Src/stm32f1xx_hal_tim_ex.o
                0x08004870                HAL_TIMEx_CommutCallback
 .text.HAL_TIMEx_BreakCallback
                0x08004882       0x12 ./Drivers/STM32F1xx_HAL_Driver/Src/stm32f1xx_hal_tim_ex.o
                0x08004882                HAL_TIMEx_BreakCallback
 .text.memset   0x08004894       0x10 C:/ST/STM32CubeIDE_2.0.0/STM32CubeIDE/plugins/com.st.stm32cube.ide.mcu.externaltools.gnu-tools-for-stm32.13.3.rel1.win32_1.0.100.202509120712/tools/bin/../lib/gcc/arm-none-eabi/13.3.1/../../../../arm-none-eabi/lib/thumb/v7-m/nofp\libc_nano.a(libc_a-memset.o)
                0x08004894                memset
 .text.__libc_init_array
                0x080048a4       0x48 C:/ST/STM32CubeIDE_2.0.0/STM32CubeIDE/plugins/com.st.stm32cube.ide.mcu.externaltools.gnu-tools-for-stm32.13.3.rel1.win32_1.0.100.202509120712/tools/bin/../lib/gcc/arm-none-eabi/13.3.1/../../../../arm-none-eabi/lib/thumb/v7-m/nofp\libc_nano.a(libc_a-init.o)
                0x080048a4                __libc_init_array
 *(.glue_7)
 .glue_7        0x080048ec        0x0 linker stubs
 *(.glue_7t)
 .glue_7t       0x080048ec        0x0 linker stubs
 *(.eh_frame)
 .eh_frame      0x080048ec        0x0 C:/ST/STM32CubeIDE_2.0.0/STM32CubeIDE/plugins/com.st.stm32cube.ide.mcu.externaltools.gnu-tools-for-stm32.13.3.rel1.win32_1.0.100.202509120712/tools/bin/../lib/gcc/arm-none-eabi/13.3.1/thumb/v7-m/nofp/crtbegin.o
 *(.init)
 .init          0x080048ec        0x4 C:/ST/STM32CubeIDE_2.0.0/STM32CubeIDE/plugins/com.st.stm32cube.ide.mcu.externaltools.gnu-tools-for-stm32.13.3.rel1.win32_1.0.100.202509120712/tools/bin/../lib/gcc/arm-none-eabi/13.3.1/thumb/v7-m/nofp/crti.o
                0x080048ec                _init
 .init          0x080048f0        0x8 C:/ST/STM32CubeIDE_2.0.0/STM32CubeIDE/plugins/com.st.stm32cube.ide.mcu.externaltools.gnu-tools-for-stm32.13.3.rel1.win32_1.0.100.202509120712/tools/bin/../lib/gcc/arm-none-eabi/13.3.1/thumb/v7-m/nofp/crtn.o
 *(.fini)
 .fini          0x080048f8        0x4 C:/ST/STM32CubeIDE_2.0.0/STM32CubeIDE/plugins/com.st.stm32cube.ide.mcu.externaltools.gnu-tools-for-stm32.13.3.rel1.win32_1.0.100.202509120712/tools/bin/../lib/gcc/arm-none-eabi/13.3.1/thumb/v7-m/nofp/crti.o
                0x080048f8                _fini
 .fini          0x080048fc        0x8 C:/ST/STM32CubeIDE_2.0.0/STM32CubeIDE/plugins/com.st.stm32cube.ide.mcu.externaltools.gnu-tools-for-stm32.13.3.rel1.win32_1.0.100.202509120712/tools/bin/../lib/gcc/arm-none-eabi/13.3.1/thumb/v7-m/nofp/crtn.o
                0x08004904                        . = ALIGN (0x4)
                0x08004904                        _etext = .

.vfp11_veneer   0x08004904        0x0
 .vfp11_veneer  0x08004904        0x0 linker stubs

.v4_bx          0x08004904        0x0
 .v4_bx         0x08004904        0x0 linker stubs

.iplt           0x08004904        0x0
 .iplt          0x08004904        0x0 C:/ST/STM32CubeIDE_2.0.0/STM32CubeIDE/plugins/com.st.stm32cube.ide.mcu.externaltools.gnu-tools-for-stm32.13.3.rel1.win32_1.0.100.202509120712/tools/bin/../lib/gcc/arm-none-eabi/13.3.1/thumb/v7-m/nofp/crtbegin.o

.rodata         0x08004904       0x40
                0x08004904                        . = ALIGN (0x4)
 *(.rodata)
 *(.rodata*)
 .rodata.AHBPrescTable
                0x08004904       0x10 ./Core/Src/system_stm32f1xx.o
                0x08004904                AHBPrescTable
 .rodata.APBPrescTable
                0x08004914        0x8 ./Core/Src/system_stm32f1xx.o
                0x08004914                APBPrescTable
 .rodata.aPLLMULFactorTable.1
                0x0800491c       0x10 ./Drivers/STM32F1xx_HAL_Driver/Src/stm32f1xx_hal_rcc.o
 .rodata.aPredivFactorTable.0
                0x0800492c        0x2 ./Drivers/STM32F1xx_HAL_Driver/Src/stm32f1xx_hal_rcc.o
 *fill*         0x0800492e        0x2 
 .rodata.aPLLMULFactorTable.1
                0x08004930       0x10 ./Drivers/STM32F1xx_HAL_Driver/Src/stm32f1xx_hal_rcc_ex.o
 .rodata.aPredivFactorTable.0
                0x08004940        0x2 ./Drivers/STM32F1xx_HAL_Driver/Src/stm32f1xx_hal_rcc_ex.o
                0x08004944                        . = ALIGN (0x4)
 *fill*         0x08004942        0x2 

.ARM.extab      0x08004944        0x0
                0x08004944                        . = ALIGN (0x4)
 *(.ARM.extab* .gnu.linkonce.armextab.*)
                0x08004944                        . = ALIGN (0x4)

.ARM            0x08004944        0x0
                0x08004944                        . = ALIGN (0x4)
                0x08004944                        __exidx_start = .
 *(.ARM.exidx*)
                0x08004944                        __exidx_end = .
                0x08004944                        . = ALIGN (0x4)

.preinit_array  0x08004944        0x0
                0x08004944                        . = ALIGN (0x4)
                0x08004944                        PROVIDE (__preinit_array_start = .)
 *(.preinit_array*)
                0x08004944                        PROVIDE (__preinit_array_end = .)
                0x08004944                        . = ALIGN (0x4)

.init_array     0x08004944        0x4
                0x08004944                        . = ALIGN (0x4)
                0x08004944                        PROVIDE (__init_array_start = .)
 *(SORT_BY_NAME(.init_array.*))
 *(.init_array*)
 .init_array    0x08004944        0x4 C:/ST/STM32CubeIDE_2.0.0/STM32CubeIDE/plugins/com.st.stm32cube.ide.mcu.externaltools.gnu-tools-for-stm32.13.3.rel1.win32_1.0.100.202509120712/tools/bin/../lib/gcc/arm-none-eabi/13.3.1/thumb/v7-m/nofp/crtbegin.o
                0x08004948                        PROVIDE (__init_array_end = .)
                0x08004948                        . = ALIGN (0x4)

.fini_array     0x08004948        0x4
                0x08004948                        . = ALIGN (0x4)
                [!provide]                        PROVIDE (__fini_array_start = .)
 *(SORT_BY_NAME(.fini_array.*))
 *(.fini_array*)
 .fini_array    0x08004948        0x4 C:/ST/STM32CubeIDE_2.0.0/STM32CubeIDE/plugins/com.st.stm32cube.ide.mcu.externaltools.gnu-tools-for-stm32.13.3.rel1.win32_1.0.100.202509120712/tools/bin/../lib/gcc/arm-none-eabi/13.3.1/thumb/v7-m/nofp/crtbegin.o
                [!provide]                        PROVIDE (__fini_array_end = .)
                0x0800494c                        . = ALIGN (0x4)
                0x0800494c                        _sidata = LOADADDR (.data)

.rel.dyn        0x0800494c        0x0
 .rel.iplt      0x0800494c        0x0 C:/ST/STM32CubeIDE_2.0.0/STM32CubeIDE/plugins/com.st.stm32cube.ide.mcu.externaltools.gnu-tools-for-stm32.13.3.rel1.win32_1.0.100.202509120712/tools/bin/../lib/gcc/arm-none-eabi/13.3.1/thumb/v7-m/nofp/crtbegin.o

.data           0x20000000       0x10 load address 0x0800494c
                0x20000000                        . = ALIGN (0x4)
                0x20000000                        _sdata = .
 *(.data)
 *(.data*)
 .data.dac_value
                0x20000000        0x2 ./Core/Src/main.o
                0x20000000                dac_value
 *fill*         0x20000002        0x2 
 .data.SystemCoreClock
                0x20000004        0x4 ./Core/Src/system_stm32f1xx.o
                0x20000004                SystemCoreClock
 .data.uwTickPrio
                0x20000008        0x4 ./Drivers/STM32F1xx_HAL_Driver/Src/stm32f1xx_hal.o
                0x20000008                uwTickPrio
 .data.uwTickFreq
                0x2000000c        0x1 ./Drivers/STM32F1xx_HAL_Driver/Src/stm32f1xx_hal.o
                0x2000000c                uwTickFreq
 *(.RamFunc)
 *(.RamFunc*)
                0x20000010                        . = ALIGN (0x4)
 *fill*         0x2000000d        0x3 
                0x20000010                        _edata = .

.igot.plt       0x20000010        0x0 load address 0x0800495c
 .igot.plt      0x20000010        0x0 C:/ST/STM32CubeIDE_2.0.0/STM32CubeIDE/plugins/com.st.stm32cube.ide.mcu.externaltools.gnu-tools-for-stm32.13.3.rel1.win32_1.0.100.202509120712/tools/bin/../lib/gcc/arm-none-eabi/13.3.1/thumb/v7-m/nofp/crtbegin.o
                0x20000010                        . = ALIGN (0x4)

.bss            0x20000010      0x140 load address 0x0800495c
                0x20000010                        _sbss = .
                0x20000010                        __bss_start__ = _sbss
 *(.bss)
 .bss           0x20000010       0x1c C:/ST/STM32CubeIDE_2.0.0/STM32CubeIDE/plugins/com.st.stm32cube.ide.mcu.externaltools.gnu-tools-for-stm32.13.3.rel1.win32_1.0.100.202509120712/tools/bin/../lib/gcc/arm-none-eabi/13.3.1/thumb/v7-m/nofp/crtbegin.o
 *(.bss*)
 .bss.hadc1     0x2000002c       0x30 ./Core/Src/main.o
                0x2000002c                hadc1
 .bss.hcan      0x2000005c       0x28 ./Core/Src/main.o
                0x2000005c                hcan
 .bss.hdac      0x20000084       0x14 ./Core/Src/main.o
                0x20000084                hdac
 .bss.hi2c1     0x20000098       0x54 ./Core/Src/main.o
                0x20000098                hi2c1
 .bss.htim2     0x200000ec       0x48 ./Core/Src/main.o
                0x200000ec                htim2
 .bss.Curr_val  0x20000134        0x4 ./Core/Src/main.o
                0x20000134                Curr_val
 .bss.Temp_val  0x20000138        0x4 ./Core/Src/main.o
                0x20000138                Temp_val
 .bss.system_tripped
                0x2000013c        0x1 ./Core/Src/main.o
                0x2000013c                system_tripped
 .bss.button_down
                0x2000013d        0x1 ./Core/Src/main.o
                0x2000013d                button_down
 *fill*         0x2000013e        0x2 
 .bss.button_press_tick
                0x20000140        0x4 ./Core/Src/main.o
                0x20000140                button_press_tick
 .bss.last_sensor_tick
                0x20000144        0x4 ./Core/Src/main.o
                0x20000144                last_sensor_tick
 .bss.last_blink_tick
                0x20000148        0x4 ./Core/Src/main.o
                0x20000148                last_blink_tick
 .bss.uwTick    0x2000014c        0x4 ./Drivers/STM32F1xx_HAL_Driver/Src/stm32f1xx_hal.o
                0x2000014c                uwTick
 *(COMMON)
                0x20000150                        . = ALIGN (0x4)
                0x20000150                        _ebss = .
                0x20000150                        __bss_end__ = _ebss

._user_heap_stack
                0x20000150      0x600 load address 0x0800495c
                0x20000150                        . = ALIGN (0x8)
                [!provide]                        PROVIDE (end = .)
                0x20000150                        PROVIDE (_end = .)
                0x20000350                        . = (. + _Min_Heap_Size)
 *fill*         0x20000150      0x200 
                0x20000750                        . = (. + _Min_Stack_Size)
 *fill*         0x20000350      0x400 
                0x20000750                        . = ALIGN (0x8)

/DISCARD/
 libc.a(*)
 libm.a(*)
 libgcc.a(*)

.ARM.attributes
                0x00000000       0x29
 *(.ARM.attributes)
 .ARM.attributes
                0x00000000       0x1d C:/ST/STM32CubeIDE_2.0.0/STM32CubeIDE/plugins/com.st.stm32cube.ide.mcu.externaltools.gnu-tools-for-stm32.13.3.rel1.win32_1.0.100.202509120712/tools/bin/../lib/gcc/arm-none-eabi/13.3.1/thumb/v7-m/nofp/crti.o
 .ARM.attributes
                0x0000001d       0x2d C:/ST/STM32CubeIDE_2.0.0/STM32CubeIDE/plugins/com.st.stm32cube.ide.mcu.externaltools.gnu-tools-for-stm32.13.3.rel1.win32_1.0.100.202509120712/tools/bin/../lib/gcc/arm-none-eabi/13.3.1/thumb/v7-m/nofp/crtbegin.o
 .ARM.attributes
                0x0000004a       0x2d ./Core/Src/main.o
 .ARM.attributes
                0x00000077       0x2d ./Core/Src/stm32f1xx_hal_msp.o
 .ARM.attributes
                0x000000a4       0x2d ./Core/Src/stm32f1xx_it.o
 .ARM.attributes
                0x000000d1       0x2d ./Core/Src/system_stm32f1xx.o
 .ARM.attributes
                0x000000fe       0x21 ./Core/Startup/startup_stm32f103rctx.o
 .ARM.attributes
                0x0000011f       0x2d ./Drivers/STM32F1xx_HAL_Driver/Src/stm32f1xx_hal.o
 .ARM.attributes
                0x0000014c       0x2d ./Drivers/STM32F1xx_HAL_Driver/Src/stm32f1xx_hal_adc.o
 .ARM.attributes
                0x00000179       0x2d ./Drivers/STM32F1xx_HAL_Driver/Src/stm32f1xx_hal_can.o
 .ARM.attributes
                0x000001a6       0x2d ./Drivers/STM32F1xx_HAL_Driver/Src/stm32f1xx_hal_cortex.o
 .ARM.attributes
                0x000001d3       0x2d ./Drivers/STM32F1xx_HAL_Driver/Src/stm32f1xx_hal_dac.o
 .ARM.attributes
                0x00000200       0x2d ./Drivers/STM32F1xx_HAL_Driver/Src/stm32f1xx_hal_gpio.o
 .ARM.attributes
                0x0000022d       0x2d ./Drivers/STM32F1xx_HAL_Driver/Src/stm32f1xx_hal_i2c.o
 .ARM.attributes
                0x0000025a       0x2d ./Drivers/STM32F1xx_HAL_Driver/Src/stm32f1xx_hal_pwr.o
 .ARM.attributes
                0x00000287       0x2d ./Drivers/STM32F1xx_HAL_Driver/Src/stm32f1xx_hal_rcc.o
 .ARM.attributes
                0x000002b4       0x2d ./Drivers/STM32F1xx_HAL_Driver/Src/stm32f1xx_hal_rcc_ex.o
 .ARM.attributes
                0x000002e1       0x2d ./Drivers/STM32F1xx_HAL_Driver/Src/stm32f1xx_hal_tim.o
 .ARM.attributes
                0x0000030e       0x2d ./Drivers/STM32F1xx_HAL_Driver/Src/stm32f1xx_hal_tim_ex.o
 .ARM.attributes
                0x0000033b       0x2d C:/ST/STM32CubeIDE_2.0.0/STM32CubeIDE/plugins/com.st.stm32cube.ide.mcu.externaltools.gnu-tools-for-stm32.13.3.rel1.win32_1.0.100.202509120712/tools/bin/../lib/gcc/arm-none-eabi/13.3.1/../../../../arm-none-eabi/lib/thumb/v7-m/nofp\libc_nano.a(libc_a-memset.o)
 .ARM.attributes
                0x00000368       0x2d C:/ST/STM32CubeIDE_2.0.0/STM32CubeIDE/plugins/com.st.stm32cube.ide.mcu.externaltools.gnu-tools-for-stm32.13.3.rel1.win32_1.0.100.202509120712/tools/bin/../lib/gcc/arm-none-eabi/13.3.1/../../../../arm-none-eabi/lib/thumb/v7-m/nofp\libc_nano.a(libc_a-init.o)
 .ARM.attributes
                0x00000395       0x1d C:/ST/STM32CubeIDE_2.0.0/STM32CubeIDE/plugins/com.st.stm32cube.ide.mcu.externaltools.gnu-tools-for-stm32.13.3.rel1.win32_1.0.100.202509120712/tools/bin/../lib/gcc/arm-none-eabi/13.3.1/thumb/v7-m/nofp\libgcc.a(_arm_addsubsf3.o)
 .ARM.attributes
                0x000003b2       0x1d C:/ST/STM32CubeIDE_2.0.0/STM32CubeIDE/plugins/com.st.stm32cube.ide.mcu.externaltools.gnu-tools-for-stm32.13.3.rel1.win32_1.0.100.202509120712/tools/bin/../lib/gcc/arm-none-eabi/13.3.1/thumb/v7-m/nofp\libgcc.a(_arm_muldivsf3.o)
 .ARM.attributes
                0x000003cf       0x1d C:/ST/STM32CubeIDE_2.0.0/STM32CubeIDE/plugins/com.st.stm32cube.ide.mcu.externaltools.gnu-tools-for-stm32.13.3.rel1.win32_1.0.100.202509120712/tools/bin/../lib/gcc/arm-none-eabi/13.3.1/thumb/v7-m/nofp\libgcc.a(_arm_fixunssfsi.o)
 .ARM.attributes
                0x000003ec       0x1d C:/ST/STM32CubeIDE_2.0.0/STM32CubeIDE/plugins/com.st.stm32cube.ide.mcu.externaltools.gnu-tools-for-stm32.13.3.rel1.win32_1.0.100.202509120712/tools/bin/../lib/gcc/arm-none-eabi/13.3.1/thumb/v7-m/nofp/crtn.o
OUTPUT(Rover ECB.elf elf32-littlearm)
LOAD linker stubs
LOAD C:/ST/STM32CubeIDE_2.0.0/STM32CubeIDE/plugins/com.st.stm32cube.ide.mcu.externaltools.gnu-tools-for-stm32.13.3.rel1.win32_1.0.100.202509120712/tools/bin/../lib/gcc/arm-none-eabi/13.3.1/../../../../arm-none-eabi/lib/thumb/v7-m/nofp\libc.a
LOAD C:/ST/STM32CubeIDE_2.0.0/STM32CubeIDE/plugins/com.st.stm32cube.ide.mcu.externaltools.gnu-tools-for-stm32.13.3.rel1.win32_1.0.100.202509120712/tools/bin/../lib/gcc/arm-none-eabi/13.3.1/../../../../arm-none-eabi/lib/thumb/v7-m/nofp\libm.a
LOAD C:/ST/STM32CubeIDE_2.0.0/STM32CubeIDE/plugins/com.st.stm32cube.ide.mcu.externaltools.gnu-tools-for-stm32.13.3.rel1.win32_1.0.100.202509120712/tools/bin/../lib/gcc/arm-none-eabi/13.3.1/thumb/v7-m/nofp\libgcc.a

.debug_info     0x00000000     0xefa2
 .debug_info    0x00000000     0x1dc2 ./Core/Src/main.o
 .debug_info    0x00001dc2     0x16bb ./Core/Src/stm32f1xx_hal_msp.o
 .debug_info    0x0000347d      0x6f2 ./Core/Src/stm32f1xx_it.o
 .debug_info    0x00003b6f      0x222 ./Core/Src/system_stm32f1xx.o
 .debug_info    0x00003d91       0x30 ./Core/Startup/startup_stm32f103rctx.o
 .debug_info    0x00003dc1      0x76a ./Drivers/STM32F1xx_HAL_Driver/Src/stm32f1xx_hal.o
 .debug_info    0x0000452b      0xc50 ./Drivers/STM32F1xx_HAL_Driver/Src/stm32f1xx_hal_adc.o
 .debug_info    0x0000517b      0xf0f ./Drivers/STM32F1xx_HAL_Driver/Src/stm32f1xx_hal_can.o
 .debug_info    0x0000608a      0xaed ./Drivers/STM32F1xx_HAL_Driver/Src/stm32f1xx_hal_cortex.o
 .debug_info    0x00006b77      0x982 ./Drivers/STM32F1xx_HAL_Driver/Src/stm32f1xx_hal_dac.o
 .debug_info    0x000074f9      0x5ab ./Drivers/STM32F1xx_HAL_Driver/Src/stm32f1xx_hal_gpio.o
 .debug_info    0x00007aa4     0x2524 ./Drivers/STM32F1xx_HAL_Driver/Src/stm32f1xx_hal_i2c.o
 .debug_info    0x00009fc8      0x628 ./Drivers/STM32F1xx_HAL_Driver/Src/stm32f1xx_hal_pwr.o
 .debug_info    0x0000a5f0      0x7d5 ./Drivers/STM32F1xx_HAL_Driver/Src/stm32f1xx_hal_rcc.o
 .debug_info    0x0000adc5      0x3e9 ./Drivers/STM32F1xx_HAL_Driver/Src/stm32f1xx_hal_rcc_ex.o
 .debug_info    0x0000b1ae     0x2959 ./Drivers/STM32F1xx_HAL_Driver/Src/stm32f1xx_hal_tim.o
 .debug_info    0x0000db07     0x149b ./Drivers/STM32F1xx_HAL_Driver/Src/stm32f1xx_hal_tim_ex.o

.debug_abbrev   0x00000000     0x2392
 .debug_abbrev  0x00000000      0x339 ./Core/Src/main.o
 .debug_abbrev  0x00000339      0x249 ./Core/Src/stm32f1xx_hal_msp.o
 .debug_abbrev  0x00000582      0x1a7 ./Core/Src/stm32f1xx_it.o
 .debug_abbrev  0x00000729      0x13f ./Core/Src/system_stm32f1xx.o
 .debug_abbrev  0x00000868       0x24 ./Core/Startup/startup_stm32f103rctx.o
 .debug_abbrev  0x0000088c      0x201 ./Drivers/STM32F1xx_HAL_Driver/Src/stm32f1xx_hal.o
 .debug_abbrev  0x00000a8d      0x225 ./Drivers/STM32F1xx_HAL_Driver/Src/stm32f1xx_hal_adc.o
 .debug_abbrev  0x00000cb2      0x242 ./Drivers/STM32F1xx_HAL_Driver/Src/stm32f1xx_hal_can.o
 .debug_abbrev  0x00000ef4      0x2f8 ./Drivers/STM32F1xx_HAL_Driver/Src/stm32f1xx_hal_cortex.o
 .debug_abbrev  0x000011ec      0x20f ./Drivers/STM32F1xx_HAL_Driver/Src/stm32f1xx_hal_dac.o
 .debug_abbrev  0x000013fb      0x1ca ./Drivers/STM32F1xx_HAL_Driver/Src/stm32f1xx_hal_gpio.o
 .debug_abbrev  0x000015c5      0x2a3 ./Drivers/STM32F1xx_HAL_Driver/Src/stm32f1xx_hal_i2c.o
 .debug_abbrev  0x00001868      0x1f6 ./Drivers/STM32F1xx_HAL_Driver/Src/stm32f1xx_hal_pwr.o
 .debug_abbrev  0x00001a5e      0x2b3 ./Drivers/STM32F1xx_HAL_Driver/Src/stm32f1xx_hal_rcc.o
 .debug_abbrev  0x00001d11      0x188 ./Drivers/STM32F1xx_HAL_Driver/Src/stm32f1xx_hal_rcc_ex.o
 .debug_abbrev  0x00001e99      0x277 ./Drivers/STM32F1xx_HAL_Driver/Src/stm32f1xx_hal_tim.o
 .debug_abbrev  0x00002110      0x282 ./Drivers/STM32F1xx_HAL_Driver/Src/stm32f1xx_hal_tim_ex.o

.debug_aranges  0x00000000     0x1018
 .debug_aranges
                0x00000000       0x78 ./Core/Src/main.o
 .debug_aranges
                0x00000078       0x70 ./Core/Src/stm32f1xx_hal_msp.o
 .debug_aranges
                0x000000e8       0x78 ./Core/Src/stm32f1xx_it.o
 .debug_aranges
                0x00000160       0x28 ./Core/Src/system_stm32f1xx.o
 .debug_aranges
                0x00000188       0x28 ./Core/Startup/startup_stm32f103rctx.o
 .debug_aranges
                0x000001b0       0xe0 ./Drivers/STM32F1xx_HAL_Driver/Src/stm32f1xx_hal.o
 .debug_aranges
                0x00000290       0xf0 ./Drivers/STM32F1xx_HAL_Driver/Src/stm32f1xx_hal_adc.o
 .debug_aranges
                0x00000380      0x138 ./Drivers/STM32F1xx_HAL_Driver/Src/stm32f1xx_hal_can.o
 .debug_aranges
                0x000004b8      0x100 ./Drivers/STM32F1xx_HAL_Driver/Src/stm32f1xx_hal_cortex.o
 .debug_aranges
                0x000005b8       0xc0 ./Drivers/STM32F1xx_HAL_Driver/Src/stm32f1xx_hal_dac.o
 .debug_aranges
                0x00000678       0x58 ./Drivers/STM32F1xx_HAL_Driver/Src/stm32f1xx_hal_gpio.o
 .debug_aranges
                0x000006d0      0x2a8 ./Drivers/STM32F1xx_HAL_Driver/Src/stm32f1xx_hal_i2c.o
 .debug_aranges
                0x00000978       0xa8 ./Drivers/STM32F1xx_HAL_Driver/Src/stm32f1xx_hal_pwr.o
 .debug_aranges
                0x00000a20       0x90 ./Drivers/STM32F1xx_HAL_Driver/Src/stm32f1xx_hal_rcc.o
 .debug_aranges
                0x00000ab0       0x30 ./Drivers/STM32F1xx_HAL_Driver/Src/stm32f1xx_hal_rcc_ex.o
 .debug_aranges
                0x00000ae0      0x3d0 ./Drivers/STM32F1xx_HAL_Driver/Src/stm32f1xx_hal_tim.o
 .debug_aranges
                0x00000eb0      0x168 ./Drivers/STM32F1xx_HAL_Driver/Src/stm32f1xx_hal_tim_ex.o

.debug_rnglists
                0x00000000      0xc8a
 .debug_rnglists
                0x00000000       0x5b ./Core/Src/main.o
 .debug_rnglists
                0x0000005b       0x50 ./Core/Src/stm32f1xx_hal_msp.o
 .debug_rnglists
                0x000000ab       0x55 ./Core/Src/stm32f1xx_it.o
 .debug_rnglists
                0x00000100       0x1a ./Core/Src/system_stm32f1xx.o
 .debug_rnglists
                0x0000011a       0x19 ./Core/Startup/startup_stm32f103rctx.o
 .debug_rnglists
                0x00000133       0xa3 ./Drivers/STM32F1xx_HAL_Driver/Src/stm32f1xx_hal.o
 .debug_rnglists
                0x000001d6       0xbc ./Drivers/STM32F1xx_HAL_Driver/Src/stm32f1xx_hal_adc.o
 .debug_rnglists
                0x00000292       0xed ./Drivers/STM32F1xx_HAL_Driver/Src/stm32f1xx_hal_can.o
 .debug_rnglists
                0x0000037f       0xbb ./Drivers/STM32F1xx_HAL_Driver/Src/stm32f1xx_hal_cortex.o
 .debug_rnglists
                0x0000043a       0x8e ./Drivers/STM32F1xx_HAL_Driver/Src/stm32f1xx_hal_dac.o
 .debug_rnglists
                0x000004c8       0x3f ./Drivers/STM32F1xx_HAL_Driver/Src/stm32f1xx_hal_gpio.o
 .debug_rnglists
                0x00000507      0x23c ./Drivers/STM32F1xx_HAL_Driver/Src/stm32f1xx_hal_i2c.o
 .debug_rnglists
                0x00000743       0x7a ./Drivers/STM32F1xx_HAL_Driver/Src/stm32f1xx_hal_pwr.o
 .debug_rnglists
                0x000007bd       0x6c ./Drivers/STM32F1xx_HAL_Driver/Src/stm32f1xx_hal_rcc.o
 .debug_rnglists
                0x00000829       0x22 ./Drivers/STM32F1xx_HAL_Driver/Src/stm32f1xx_hal_rcc_ex.o
 .debug_rnglists
                0x0000084b      0x31a ./Drivers/STM32F1xx_HAL_Driver/Src/stm32f1xx_hal_tim.o
 .debug_rnglists
                0x00000b65      0x125 ./Drivers/STM32F1xx_HAL_Driver/Src/stm32f1xx_hal_tim_ex.o

.debug_macro    0x00000000    0x1adb1
 .debug_macro   0x00000000      0x2c0 ./Core/Src/main.o
 .debug_macro   0x000002c0      0xacc ./Core/Src/main.o
 .debug_macro   0x00000d8c      0x22d ./Core/Src/main.o
 .debug_macro   0x00000fb9       0x2e ./Core/Src/main.o
 .debug_macro   0x00000fe7       0x22 ./Core/Src/main.o
 .debug_macro   0x00001009       0x22 ./Core/Src/main.o
 .debug_macro   0x0000102b       0x8e ./Core/Src/main.o
 .debug_macro   0x000010b9       0x51 ./Core/Src/main.o
 .debug_macro   0x0000110a      0x103 ./Core/Src/main.o
 .debug_macro   0x0000120d       0x6a ./Core/Src/main.o
 .debug_macro   0x00001277      0x1df ./Core/Src/main.o
 .debug_macro   0x00001456       0x1c ./Core/Src/main.o
 .debug_macro   0x00001472       0x22 ./Core/Src/main.o
 .debug_macro   0x00001494       0xbd ./Core/Src/main.o
 .debug_macro   0x00001551      0xd23 ./Core/Src/main.o
 .debug_macro   0x00002274     0xfd8c ./Core/Src/main.o
 .debug_macro   0x00012000       0x6d ./Core/Src/main.o
 .debug_macro   0x0001206d     0x34a2 ./Core/Src/main.o
 .debug_macro   0x0001550f      0x190 ./Core/Src/main.o
 .debug_macro   0x0001569f       0x5c ./Core/Src/main.o
 .debug_macro   0x000156fb      0x5bc ./Core/Src/main.o
 .debug_macro   0x00015cb7      0x4d5 ./Core/Src/main.o
 .debug_macro   0x0001618c      0x1cb ./Core/Src/main.o
 .debug_macro   0x00016357      0x114 ./Core/Src/main.o
 .debug_macro   0x0001646b      0x1ea ./Core/Src/main.o
 .debug_macro   0x00016655       0x27 ./Core/Src/main.o
 .debug_macro   0x0001667c      0x144 ./Core/Src/main.o
 .debug_macro   0x000167c0      0x1bc ./Core/Src/main.o
 .debug_macro   0x0001697c       0x30 ./Core/Src/main.o
 .debug_macro   0x000169ac       0x3c ./Core/Src/main.o
 .debug_macro   0x000169e8      0x408 ./Core/Src/main.o
 .debug_macro   0x00016df0       0x57 ./Core/Src/main.o
 .debug_macro   0x00016e47      0x46a ./Core/Src/main.o
 .debug_macro   0x000172b1      0x25d ./Core/Src/main.o
 .debug_macro   0x0001750e       0xe3 ./Core/Src/main.o
 .debug_macro   0x000175f1       0xde ./Core/Src/main.o
 .debug_macro   0x000176cf       0x87 ./Core/Src/main.o
 .debug_macro   0x00017756      0x24f ./Core/Src/main.o
 .debug_macro   0x000179a5      0x287 ./Core/Src/main.o
 .debug_macro   0x00017c2c      0x140 ./Core/Src/main.o
 .debug_macro   0x00017d6c      0x8ed ./Core/Src/main.o
 .debug_macro   0x00018659       0xb5 ./Core/Src/main.o
 .debug_macro   0x0001870e       0x22 ./Core/Src/main.o
 .debug_macro   0x00018730       0x61 ./Core/Src/main.o
 .debug_macro   0x00018791       0x24 ./Core/Src/main.o
 .debug_macro   0x000187b5       0x43 ./Core/Src/main.o
 .debug_macro   0x000187f8       0x34 ./Core/Src/main.o
 .debug_macro   0x0001882c       0x16 ./Core/Src/main.o
 .debug_macro   0x00018842       0x3c ./Core/Src/main.o
 .debug_macro   0x0001887e      0x370 ./Core/Src/main.o
 .debug_macro   0x00018bee       0x10 ./Core/Src/main.o
 .debug_macro   0x00018bfe       0x16 ./Core/Src/main.o
 .debug_macro   0x00018c14       0x4a ./Core/Src/main.o
 .debug_macro   0x00018c5e       0x34 ./Core/Src/main.o
 .debug_macro   0x00018c92       0x10 ./Core/Src/main.o
 .debug_macro   0x00018ca2       0x58 ./Core/Src/main.o
 .debug_macro   0x00018cfa       0x8e ./Core/Src/main.o
 .debug_macro   0x00018d88       0x1c ./Core/Src/main.o
 .debug_macro   0x00018da4      0x185 ./Core/Src/main.o
 .debug_macro   0x00018f29       0x16 ./Core/Src/main.o
 .debug_macro   0x00018f3f       0x16 ./Core/Src/main.o
 .debug_macro   0x00018f55      0x146 ./Core/Src/main.o
 .debug_macro   0x0001909b      0x1df ./Core/Src/stm32f1xx_hal_msp.o
 .debug_macro   0x0001927a      0x1e9 ./Core/Src/stm32f1xx_it.o
 .debug_macro   0x00019463      0x1d5 ./Core/Src/system_stm32f1xx.o
 .debug_macro   0x00019638      0x1f9 ./Drivers/STM32F1xx_HAL_Driver/Src/stm32f1xx_hal.o
 .debug_macro   0x00019831      0x1f2 ./Drivers/STM32F1xx_HAL_Driver/Src/stm32f1xx_hal_adc.o
 .debug_macro   0x00019a23      0x1e4 ./Drivers/STM32F1xx_HAL_Driver/Src/stm32f1xx_hal_can.o
 .debug_macro   0x00019c07      0x1d5 ./Drivers/STM32F1xx_HAL_Driver/Src/stm32f1xx_hal_cortex.o
 .debug_macro   0x00019ddc      0x1d6 ./Drivers/STM32F1xx_HAL_Driver/Src/stm32f1xx_hal_dac.o
 .debug_macro   0x00019fb2      0x240 ./Drivers/STM32F1xx_HAL_Driver/Src/stm32f1xx_hal_gpio.o
 .debug_macro   0x0001a1f2      0x223 ./Drivers/STM32F1xx_HAL_Driver/Src/stm32f1xx_hal_i2c.o
 .debug_macro   0x0001a415      0x235 ./Drivers/STM32F1xx_HAL_Driver/Src/stm32f1xx_hal_pwr.o
 .debug_macro   0x0001a64a      0x1e7 ./Drivers/STM32F1xx_HAL_Driver/Src/stm32f1xx_hal_rcc.o
 .debug_macro   0x0001a831      0x1d5 ./Drivers/STM32F1xx_HAL_Driver/Src/stm32f1xx_hal_rcc_ex.o
 .debug_macro   0x0001aa06      0x1d6 ./Drivers/STM32F1xx_HAL_Driver/Src/stm32f1xx_hal_tim.o
 .debug_macro   0x0001abdc      0x1d5 ./Drivers/STM32F1xx_HAL_Driver/Src/stm32f1xx_hal_tim_ex.o

.debug_line     0x00000000    0x123fc
 .debug_line    0x00000000      0xca4 ./Core/Src/main.o
 .debug_line    0x00000ca4      0x8df ./Core/Src/stm32f1xx_hal_msp.o
 .debug_line    0x00001583      0x86f ./Core/Src/stm32f1xx_it.o
 .debug_line    0x00001df2      0x7f7 ./Core/Src/system_stm32f1xx.o
 .debug_line    0x000025e9       0x79 ./Core/Startup/startup_stm32f103rctx.o
 .debug_line    0x00002662      0xa28 ./Drivers/STM32F1xx_HAL_Driver/Src/stm32f1xx_hal.o
 .debug_line    0x0000308a     0x1063 ./Drivers/STM32F1xx_HAL_Driver/Src/stm32f1xx_hal_adc.o
 .debug_line    0x000040ed     0x1221 ./Drivers/STM32F1xx_HAL_Driver/Src/stm32f1xx_hal_can.o
 .debug_line    0x0000530e      0xbf2 ./Drivers/STM32F1xx_HAL_Driver/Src/stm32f1xx_hal_cortex.o
 .debug_line    0x00005f00      0xb39 ./Drivers/STM32F1xx_HAL_Driver/Src/stm32f1xx_hal_dac.o
 .debug_line    0x00006a39      0xaad ./Drivers/STM32F1xx_HAL_Driver/Src/stm32f1xx_hal_gpio.o
 .debug_line    0x000074e6     0x3c25 ./Drivers/STM32F1xx_HAL_Driver/Src/stm32f1xx_hal_i2c.o
 .debug_line    0x0000b10b      0x9cc ./Drivers/STM32F1xx_HAL_Driver/Src/stm32f1xx_hal_pwr.o
 .debug_line    0x0000bad7      0xee1 ./Drivers/STM32F1xx_HAL_Driver/Src/stm32f1xx_hal_rcc.o
 .debug_line    0x0000c9b8      0x9ac ./Drivers/STM32F1xx_HAL_Driver/Src/stm32f1xx_hal_rcc_ex.o
 .debug_line    0x0000d364     0x3746 ./Drivers/STM32F1xx_HAL_Driver/Src/stm32f1xx_hal_tim.o
 .debug_line    0x00010aaa     0x1952 ./Drivers/STM32F1xx_HAL_Driver/Src/stm32f1xx_hal_tim_ex.o

.debug_str      0x00000000    0xa2432
 .debug_str     0x00000000    0xa2432 ./Core/Src/main.o
                              0x9eefe (size before relaxing)
 .debug_str     0x000a2432        0x0 ./Core/Src/stm32f1xx_hal_msp.o
                              0x9b14b (size before relaxing)
 .debug_str     0x000a2432        0x0 ./Core/Src/stm32f1xx_it.o
                              0x9a5c6 (size before relaxing)
 .debug_str     0x000a2432        0x0 ./Core/Src/system_stm32f1xx.o
                              0x9a087 (size before relaxing)
 .debug_str     0x000a2432        0x0 ./Core/Startup/startup_stm32f103rctx.o
                                 0x75 (size before relaxing)
 .debug_str     0x000a2432        0x0 ./Drivers/STM32F1xx_HAL_Driver/Src/stm32f1xx_hal.o
                              0x9a89e (size before relaxing)
 .debug_str     0x000a2432        0x0 ./Drivers/STM32F1xx_HAL_Driver/Src/stm32f1xx_hal_adc.o
                              0x9a76b (size before relaxing)
 .debug_str     0x000a2432        0x0 ./Drivers/STM32F1xx_HAL_Driver/Src/stm32f1xx_hal_can.o
                              0x9a88f (size before relaxing)
 .debug_str     0x000a2432        0x0 ./Drivers/STM32F1xx_HAL_Driver/Src/stm32f1xx_hal_cortex.o
                              0x9a7ea (size before relaxing)
 .debug_str     0x000a2432        0x0 ./Drivers/STM32F1xx_HAL_Driver/Src/stm32f1xx_hal_dac.o
                              0x9a57f (size before relaxing)
 .debug_str     0x000a2432        0x0 ./Drivers/STM32F1xx_HAL_Driver/Src/stm32f1xx_hal_gpio.o
                              0x9a40d (size before relaxing)
 .debug_str     0x000a2432        0x0 ./Drivers/STM32F1xx_HAL_Driver/Src/stm32f1xx_hal_i2c.o
                              0x9b14e (size before relaxing)
 .debug_str     0x000a2432        0x0 ./Drivers/STM32F1xx_HAL_Driver/Src/stm32f1xx_hal_pwr.o
                              0x9a5be (size before relaxing)
 .debug_str     0x000a2432        0x0 ./Drivers/STM32F1xx_HAL_Driver/Src/stm32f1xx_hal_rcc.o
                              0x9a4b6 (size before relaxing)
 .debug_str     0x000a2432        0x0 ./Drivers/STM32F1xx_HAL_Driver/Src/stm32f1xx_hal_rcc_ex.o
                              0x9a244 (size before relaxing)
 .debug_str     0x000a2432        0x0 ./Drivers/STM32F1xx_HAL_Driver/Src/stm32f1xx_hal_tim.o
                              0x9b4b8 (size before relaxing)
 .debug_str     0x000a2432        0x0 ./Drivers/STM32F1xx_HAL_Driver/Src/stm32f1xx_hal_tim_ex.o
                              0x9acc4 (size before relaxing)

.comment        0x00000000       0x43
 .comment       0x00000000       0x43 ./Core/Src/main.o
                                 0x44 (size before relaxing)
 .comment       0x00000043        0x0 ./Core/Src/stm32f1xx_hal_msp.o
                                 0x44 (size before relaxing)
 .comment       0x00000043        0x0 ./Core/Src/stm32f1xx_it.o
                                 0x44 (size before relaxing)
 .comment       0x00000043        0x0 ./Core/Src/system_stm32f1xx.o
                                 0x44 (size before relaxing)
 .comment       0x00000043        0x0 ./Drivers/STM32F1xx_HAL_Driver/Src/stm32f1xx_hal.o
                                 0x44 (size before relaxing)
 .comment       0x00000043        0x0 ./Drivers/STM32F1xx_HAL_Driver/Src/stm32f1xx_hal_adc.o
                                 0x44 (size before relaxing)
 .comment       0x00000043        0x0 ./Drivers/STM32F1xx_HAL_Driver/Src/stm32f1xx_hal_can.o
                                 0x44 (size before relaxing)
 .comment       0x00000043        0x0 ./Drivers/STM32F1xx_HAL_Driver/Src/stm32f1xx_hal_cortex.o
                                 0x44 (size before relaxing)
 .comment       0x00000043        0x0 ./Drivers/STM32F1xx_HAL_Driver/Src/stm32f1xx_hal_dac.o
                                 0x44 (size before relaxing)
 .comment       0x00000043        0x0 ./Drivers/STM32F1xx_HAL_Driver/Src/stm32f1xx_hal_gpio.o
                                 0x44 (size before relaxing)
 .comment       0x00000043        0x0 ./Drivers/STM32F1xx_HAL_Driver/Src/stm32f1xx_hal_i2c.o
                                 0x44 (size before relaxing)
 .comment       0x00000043        0x0 ./Drivers/STM32F1xx_HAL_Driver/Src/stm32f1xx_hal_pwr.o
                                 0x44 (size before relaxing)
 .comment       0x00000043        0x0 ./Drivers/STM32F1xx_HAL_Driver/Src/stm32f1xx_hal_rcc.o
                                 0x44 (size before relaxing)
 .comment       0x00000043        0x0 ./Drivers/STM32F1xx_HAL_Driver/Src/stm32f1xx_hal_rcc_ex.o
                                 0x44 (size before relaxing)
 .comment       0x00000043        0x0 ./Drivers/STM32F1xx_HAL_Driver/Src/stm32f1xx_hal_tim.o
                                 0x44 (size before relaxing)
 .comment       0x00000043        0x0 ./Drivers/STM32F1xx_HAL_Driver/Src/stm32f1xx_hal_tim_ex.o
                                 0x44 (size before relaxing)

.debug_frame    0x00000000     0x44f8
 .debug_frame   0x00000000      0x1ac ./Core/Src/main.o
 .debug_frame   0x000001ac      0x19c ./Core/Src/stm32f1xx_hal_msp.o
 .debug_frame   0x00000348      0x158 ./Core/Src/stm32f1xx_it.o
 .debug_frame   0x000004a0       0x58 ./Core/Src/system_stm32f1xx.o
 .debug_frame   0x000004f8      0x334 ./Drivers/STM32F1xx_HAL_Driver/Src/stm32f1xx_hal.o
 .debug_frame   0x0000082c      0x40c ./Drivers/STM32F1xx_HAL_Driver/Src/stm32f1xx_hal_adc.o
 .debug_frame   0x00000c38      0x5a0 ./Drivers/STM32F1xx_HAL_Driver/Src/stm32f1xx_hal_can.o
 .debug_frame   0x000011d8      0x428 ./Drivers/STM32F1xx_HAL_Driver/Src/stm32f1xx_hal_cortex.o
 .debug_frame   0x00001600      0x33c ./Drivers/STM32F1xx_HAL_Driver/Src/stm32f1xx_hal_dac.o
 .debug_frame   0x0000193c      0x14c ./Drivers/STM32F1xx_HAL_Driver/Src/stm32f1xx_hal_gpio.o
 .debug_frame   0x00001a88      0xc84 ./Drivers/STM32F1xx_HAL_Driver/Src/stm32f1xx_hal_i2c.o
 .debug_frame   0x0000270c      0x270 ./Drivers/STM32F1xx_HAL_Driver/Src/stm32f1xx_hal_pwr.o
 .debug_frame   0x0000297c      0x218 ./Drivers/STM32F1xx_HAL_Driver/Src/stm32f1xx_hal_rcc.o
 .debug_frame   0x00002b94       0x80 ./Drivers/STM32F1xx_HAL_Driver/Src/stm32f1xx_hal_rcc_ex.o
 .debug_frame   0x00002c14     0x11b8 ./Drivers/STM32F1xx_HAL_Driver/Src/stm32f1xx_hal_tim.o
 .debug_frame   0x00003dcc      0x638 ./Drivers/STM32F1xx_HAL_Driver/Src/stm32f1xx_hal_tim_ex.o
 .debug_frame   0x00004404       0x20 C:/ST/STM32CubeIDE_2.0.0/STM32CubeIDE/plugins/com.st.stm32cube.ide.mcu.externaltools.gnu-tools-for-stm32.13.3.rel1.win32_1.0.100.202509120712/tools/bin/../lib/gcc/arm-none-eabi/13.3.1/../../../../arm-none-eabi/lib/thumb/v7-m/nofp\libc_nano.a(libc_a-memset.o)
 .debug_frame   0x00004424       0x2c C:/ST/STM32CubeIDE_2.0.0/STM32CubeIDE/plugins/com.st.stm32cube.ide.mcu.externaltools.gnu-tools-for-stm32.13.3.rel1.win32_1.0.100.202509120712/tools/bin/../lib/gcc/arm-none-eabi/13.3.1/../../../../arm-none-eabi/lib/thumb/v7-m/nofp\libc_nano.a(libc_a-init.o)
 .debug_frame   0x00004450       0x4c C:/ST/STM32CubeIDE_2.0.0/STM32CubeIDE/plugins/com.st.stm32cube.ide.mcu.externaltools.gnu-tools-for-stm32.13.3.rel1.win32_1.0.100.202509120712/tools/bin/../lib/gcc/arm-none-eabi/13.3.1/thumb/v7-m/nofp\libgcc.a(_arm_addsubsf3.o)
 .debug_frame   0x0000449c       0x38 C:/ST/STM32CubeIDE_2.0.0/STM32CubeIDE/plugins/com.st.stm32cube.ide.mcu.externaltools.gnu-tools-for-stm32.13.3.rel1.win32_1.0.100.202509120712/tools/bin/../lib/gcc/arm-none-eabi/13.3.1/thumb/v7-m/nofp\libgcc.a(_arm_muldivsf3.o)
 .debug_frame   0x000044d4       0x24 C:/ST/STM32CubeIDE_2.0.0/STM32CubeIDE/plugins/com.st.stm32cube.ide.mcu.externaltools.gnu-tools-for-stm32.13.3.rel1.win32_1.0.100.202509120712/tools/bin/../lib/gcc/arm-none-eabi/13.3.1/thumb/v7-m/nofp\libgcc.a(_arm_fixunssfsi.o)

.debug_line_str
                0x00000000       0x59
 .debug_line_str
                0x00000000       0x59 ./Core/Startup/startup_stm32f103rctx.o
