../Core/Src/main.c:88:6:Read_Sensors	32	static
../Core/Src/main.c:106:6:CAN_Send_Message	48	static
../Core/Src/main.c:132:5:main	16	static
../Core/Src/main.c:204:6:SystemClock_Config	96	static
../Core/Src/main.c:247:13:MX_ADC1_Init	24	static
../Core/Src/main.c:294:13:MX_CAN_Init	8	static
../Core/Src/main.c:332:13:MX_DAC_Init	16	static
../Core/Src/main.c:372:13:MX_I2C1_Init	8	static
../Core/Src/main.c:406:13:MX_TIM2_Init	32	static
../Core/Src/main.c:451:13:MX_GPIO_Init	40	static
../Core/Src/main.c:513:6:HAL_GPIO_EXTI_Callback	16	static
../Core/Src/main.c:529:6:Error_Handler	16	static,ignoring_inline_asm
