../Core/Src/main.c:98:5:main	16	static
../Core/Src/main.c:191:6:SystemClock_Config	96	static
../Core/Src/main.c:234:13:MX_ADC1_Init	24	static
../Core/Src/main.c:281:13:MX_CAN_Init	8	static
../Core/Src/main.c:318:13:MX_DAC_Init	16	static
../Core/Src/main.c:358:13:MX_I2C1_Init	8	static
../Core/Src/main.c:392:13:MX_TIM2_Init	32	static
../Core/Src/main.c:437:13:MX_TIM6_Init	16	static
../Core/Src/main.c:475:13:MX_TIM7_Init	16	static
../Core/Src/main.c:513:13:MX_GPIO_Init	40	static
../Core/Src/main.c:575:6:HAL_TIM_PeriodElapsedCallback	16	static
../Core/Src/main.c:590:6:HAL_GPIO_EXTI_Callback	16	static
../Core/Src/main.c:599:6:Reset_Latch	8	static
../Core/Src/main.c:610:6:Set_Dac	16	static
../Core/Src/main.c:614:6:Generate_Telemetry	16	static
../Core/Src/main.c:631:6:Error_Handler	4	static,ignoring_inline_asm
